# box.insert([0])
1

# box.insert([1])
1

# box.insert([2])
1

# box.insert([3])
1

# box.select(0, 1, 2, 3)
[["\x00\x00\x00\x00"], ["\x01\x00\x00\x00"], ["\x02\x00\x00\x00"], ["\x03\x00\x00\x00"]]

# box.select(0, 1, 2, 3)
[["\x01\x00\x00\x00"], ["\x03\x00\x00\x00"]]

Slave
lsn:2 scn:3 t:2/wal_tag 0.0.0.0:0 INSERT n:0 <1:"\x01\x00\x00\x00">
lsn:3 scn:5 t:2/wal_tag 0.0.0.0:0 INSERT n:0 <3:"\x03\x00\x00\x00">

Master
lsn:2 scn:2 t:2/wal_tag 0.0.0.0:0 INSERT n:0 <0:"\x00\x00\x00\x00">
lsn:3 scn:3 t:2/wal_tag 0.0.0.0:0 INSERT n:0 <1:"\x01\x00\x00\x00">
lsn:4 scn:4 t:2/wal_tag 0.0.0.0:0 INSERT n:0 <2:"\x02\x00\x00\x00">
lsn:5 scn:5 t:2/wal_tag 0.0.0.0:0 INSERT n:0 <3:"\x03\x00\x00\x00">

