Env success loading SNAP11
Env failure loading SNAP12
EnvIOCompat success loading SNAP11
EnvIOCompat failure loading SNAP12
